// Jest Snapshot v1, https://goo.gl/fbAQLP

exports[`ContactForm Component should match snapshot 1`] = `
<div>
  <form>
    <div
      class="form-group"
    >
      <label
        class="d-block w-100"
      >
        Name:
        <input
          class="form-control"
          data-testid="form-name"
          name="name"
          value=""
        />
      </label>
    </div>
    <div
      class="form-group"
    >
      <label
        class="d-block w-100"
      >
        Contact details:
        <textarea
          class="form-control"
          data-testid="form-details"
          name="details"
        />
      </label>
    </div>
    <div
      class="form-group"
    >
      <input
        class="btn btn-default"
        data-testid="form-button-cancel"
        id="cancel-contact"
        type="button"
        value="Cancel"
      />
      <input
        class="btn btn-primary ml-2"
        data-testid="form-button-submit"
        id="save-contact"
        type="submit"
        value="Save"
      />
    </div>
  </form>
</div>
`;
