// Jest Snapshot v1, https://goo.gl/fbAQLP

exports[`ContactsContainer Component should match snapshot 1`] = `
<ContactsContainer
  service={
    ContactsService {
      "contacts": Array [
        Object {
          "details": "candidate test",
          "id": "4567",
          "name": "candidate test",
        },
      ],
      "getContacts": [MockFunction] {
        "calls": Array [
          Array [],
        ],
        "results": Array [
          Object {
            "type": "return",
            "value": Promise {},
          },
        ],
      },
      "saveContact": [MockFunction],
    }
  }
>
  <div
    className="container"
  >
    <div
      className="row"
    >
      <div
        className="col-md-12"
      >
        <h1>
          Contacts
        </h1>
      </div>
    </div>
    <div
      className="row"
    >
      <div
        className="col-md-4"
      >
        <ContactList
          contacts={Array []}
          onSelect={[Function]}
          selected={null}
        >
          <div
            className="list-group"
          />
        </ContactList>
      </div>
      <div
        className="col-md-4"
      >
        <div>
          <button
            className="btn btn-primary"
            id="new-contact"
            onClick={[Function]}
          >
            New contact
          </button>
        </div>
      </div>
    </div>
  </div>
</ContactsContainer>
`;
